<form  class="form-horizontal" method="post" >
<div><div class="form-group row mb-1 mx-auto" id="div_id_val1">
<label class="col-form-label col-lg-3" for="id_val1">
Val1
</label>
<div class="col-lg-1 mb-1 pl-0" id="div_id_threshold_val2">
<input class="textinput textInput form-control" id="id_threshold_val2" name="threshold_val2" type="text"/>
</div>
<div class="col-lg-5 mb-1 pl-0"> <input class="textinput textInput form-control" id="id_val1" name="val1" type="text"/>
</div>
</div>
</div> </form>
