<div>
<input type="hidden" name="test-TOTAL_FORMS" value="1" id="id_test-TOTAL_FORMS">
<input type="hidden" name="test-INITIAL_FORMS" value="0" id="id_test-INITIAL_FORMS">
<input type="hidden" name="test-MIN_NUM_FORMS" value="0" id="id_test-MIN_NUM_FORMS">
<input type="hidden" name="test-MAX_NUM_FORMS" value="1000" id="id_test-MAX_NUM_FORMS">
</div>
<div>
<div id="div_id_test-0-val1" class="form-group row">
<label for="id_test-0-val1" class="col-form-label col-lg-4 text-lg-right font-weight-bold pl-0">
Val1
</label>
<div class="col-lg-8 pl-0">
<input type="text" name="test-0-val1" class="textinput textInput form-control" id="id_test-0-val1">
</div>
</div>
</div>
<div>
<div id="div_id_test-0-threshold_val2" class="form-group row">
<div class="col-lg-8 pl-0">
<input type="text" name="test-0-threshold_val2" class="textinput textInput
form-control" id="id_test-0-threshold_val2">
</div></div></div>
<div>
<div class="form-group row">
<div class="offset-lg-4 col-lg-8 pl-0">
<div id="div_id_test-0-DELETE" class="custom-control custom-checkbox">
<input type="checkbox" name="test-0-DELETE" class="checkboxinput custom-control-input" id="id_test-0-DELETE">
<label for="id_test-0-DELETE" class="custom-control-label">
Delete
</label> </div> </div> </div> </div>
